07/21/2026 — 01:00:02 PT

07/22/2026 — 07:00:01 PT

07/23/2026 — 00:00:02 PT

<Max Mondays               https://leekduck.com/events/max-mondays-2026-08-03/>
2026/07/23 00:00:02 open service-worker-auth.json: no such file or directory
07/24/2026 — 00:00:01 PT

<Max Mondays               https://leekduck.com/events/max-mondays-2026-08-03/>
2026/07/24 00:00:01 open service-worker-auth.json: no such file or directory
07/25/2026 — 00:00:02 PT

<Max Mondays               https://leekduck.com/events/max-mondays-2026-08-03/>
2026/07/25 00:00:02 open service-worker-auth.json: no such file or directory
07/26/2026 — 00:00:01 PT

<Max Mondays               https://leekduck.com/events/max-mondays-2026-08-03/>
2026/07/26 00:00:01 open service-worker-auth.json: no such file or directory
07/27/2026 — 00:00:01 PT

<Max Mondays               https://leekduck.com/events/max-mondays-2026-08-03/>
2026/07/27 00:00:01 open service-worker-auth.json: no such file or directory
07/28/2026 — 00:00:02 PT

<Max Mondays               https://leekduck.com/events/max-mondays-2026-08-03/>
2026/07/28 00:00:02 open service-worker-auth.json: no such file or directory
07/29/2026 — 00:00:01 PT

07/30/2026 — 00:00:01 PT
<Raid Hour                 https://leekduck.com/events/raidhour20260819/>
<> Calendar is synced <>
Event created: https://www.google.com/calendar/event?eid=OWNyMzltMmFiaGhtcWhhYW5yYXR2aWc2NmcgNGM2ZTVlZjE3YWM5YzA5YjE3NmNkYTgzZWIxNWIwMWYyYzM4NWYwY2QwOThiYzYyZDFmOTUyZDAwN2JiOGYzYUBn
<Raid Battles              https://leekduck.com/events/lunala-in-5-star-raid-battles-august-2026/>
Event created: https://www.google.com/calendar/event?eid=Mm1ndWRtbXAxcDFrZDlrMGk2Nmg2bG9ybTggNGM2ZTVlZjE3YWM5YzA5YjE3NmNkYTgzZWIxNWIwMWYyYzM4NWYwY2QwOThiYzYyZDFmOTUyZDAwN2JiOGYzYUBn
<Raid Battles              https://leekduck.com/events/mega-swampert-in-mega-raids-august-2026/>
Event created: https://www.google.com/calendar/event?eid=Z251cnZmbnVoYWxnZDQyYWhrMnZkcTZzZWsgNGM2ZTVlZjE3YWM5YzA5YjE3NmNkYTgzZWIxNWIwMWYyYzM4NWYwY2QwOThiYzYyZDFmOTUyZDAwN2JiOGYzYUBn
07/30/2026 — 01:58:09 PT
07/31/2026 — 00:00:01 PT
08/01/2026 — 00:00:01 PT
08/02/2026 — 00:00:01 PT
<Raid Day                  https://leekduck.com/events/starmie-super-mega-raid-day-2026/>
<> Calendar is synced <>
Event created: https://www.google.com/calendar/event?eid=czc2ZXAwcXVpdDV1a3A5Z2M2azBhbHRndjggNGM2ZTVlZjE3YWM5YzA5YjE3NmNkYTgzZWIxNWIwMWYyYzM4NWYwY2QwOThiYzYyZDFmOTUyZDAwN2JiOGYzYUBn
08/03/2026 — 00:00:01 PT
<Event                     https://leekduck.com/events/lego-pokemon-go-2026/>
<> Calendar is synced <>
Event created: https://www.google.com/calendar/event?eid=NTBmZnY5bGFldnU5M2ZwcjhvcTRsM25yZTAgNGM2ZTVlZjE3YWM5YzA5YjE3NmNkYTgzZWIxNWIwMWYyYzM4NWYwY2QwOThiYzYyZDFmOTUyZDAwN2JiOGYzYUBn
08/04/2026 — 00:00:02 PT
<Max Mondays               https://leekduck.com/events/max-mondays-2026-08-24/>
<> Calendar is synced <>
Event created: https://www.google.com/calendar/event?eid=bHNtZjFwMTRvZThxaG9tNWd1YWprZTdpdG8gNGM2ZTVlZjE3YWM5YzA5YjE3NmNkYTgzZWIxNWIwMWYyYzM4NWYwY2QwOThiYzYyZDFmOTUyZDAwN2JiOGYzYUBn
08/05/2026 — 00:00:01 PT
<Added> Pokémon XP & 2026 Worlds on 80/26/25000
Link: https://leekduck.com/events/pokemon-xp-2026-worlds/
08/06/2026 — 00:00:01 PT
<Added> Regirock, Regice, and Registeel Raid Hour on 80/26/27000
Link: https://leekduck.com/events/raidhour20260826/
<Added> Mega Gyarados in Mega Raids on 80/26/26000
Link: https://leekduck.com/events/mega-gyarados-in-mega-raids-august-2026/
<Added> Regirock, Regice, and Registeel in 5-star Raid Battles on 80/26/26000
Link: https://leekduck.com/events/regirock-regice-registeel-in-5-star-raid-battles-august-2026/
08/07/2026 — 00:00:01 PT
08/08/2026 — 00:00:01 PT
08/09/2026 — 00:00:02 PT
08/10/2026 — 00:00:01 PT
08/11/2026 — 00:00:01 PT
<Added> Dynamax Eevee during Max Monday on 80/26/31000
Link: https://leekduck.com/events/max-mondays-2026-08-31/
08/12/2026 — 00:00:01 PT
<Added> Mega Ascension on 80/26/31000
Link: https://leekduck.com/events/mega-ascension/
08/13/2026 — 00:00:01 PT
<Added> Regirock, Regice, and Registeel Raid Hour on 90/26/3000
Link: https://leekduck.com/events/raidhour20260902/
<Added> 10th Anniversary Celebration - Perfect Mewtwo Timed Research on 80/26/12000
Link: https://leekduck.com/events/10th-anniversary-celebration/
08/14/2026 — 00:00:01 PT
08/15/2026 — 00:00:01 PT
08/16/2026 — 00:00:01 PT
<Added> Pokémon GO Fest 2026: Mega Finale on 90/26/5000
Link: https://leekduck.com/events/pokemon-go-fest-2026-mega-finale/
08/17/2026 — 00:00:01 PT
08/18/2026 — 00:00:01 PT
08/19/2026 — 00:00:02 PT
08/20/2026 — 00:00:01 PT
08/21/2026 — 00:00:02 PT
08/22/2026 — 00:00:02 PT
08/23/2026 — 00:00:01 PT
<Added> September Community Day Classic on 90/26/12000
Link: https://leekduck.com/events/september-communitydayclassic2026/
08/24/2026 — 00:00:01 PT
08/25/2026 — 00:00:01 PT
08/26/2026 — 00:00:01 PT
<Added> Dynamax Ralts during Max Monday on 90/26/7000
Link: https://leekduck.com/events/max-mondays-2026-09-07/
<Added> Zacian (Hero of Many Battles) Raid Hour on 90/26/10000
Link: https://leekduck.com/events/raidhour20260909/
<Added> Mega Squads on 90/26/8000
Link: https://leekduck.com/events/mega-squads-2026/
<Added> Dynamax Rhyhorn during Max Monday on 90/26/14000
Link: https://leekduck.com/events/max-mondays-2026-09-14/
<Added> Mega Beedrill in Mega Raids on 90/26/8000
Link: https://leekduck.com/events/mega-beedrill-in-mega-raids-september-2026/
<Added> Zacian (Hero of Many Battles) in 5-star Raid Battles on 90/26/9000
Link: https://leekduck.com/events/zacian-hero-of-many-battles-in-5-star-raid-battles-september-2026/
<Added> Mega Houndoom in Mega Raids on 90/26/11000
Link: https://leekduck.com/events/mega-houndoom-in-mega-raids-september-2026/
<Added> Shadow Thundurus (Incarnate Forme) in Shadow Raids on 90/26/12000
Link: https://leekduck.com/events/shadow-thundurus-incarnate-forme-in-shadow-raids-september-2026/
08/27/2026 — 00:00:01 PT
<Added> Zamazenta (Hero of Many Battles) Raid Hour on 90/26/17000
Link: https://leekduck.com/events/raidhour20260916/
<Added> Unannounced Event on 90/26/16000
Link: https://leekduck.com/events/unannounced-september-event-season-24/
<Added> Mega Venusaur in Mega Raids on 90/26/16000
Link: https://leekduck.com/events/mega-venusaur-in-mega-raids-september-2026/
<Added> Zamazenta (Hero of Many Battles) in 5-star Raid Battles on 90/26/16000
Link: https://leekduck.com/events/zamazenta-hero-of-many-battles-in-5-star-raid-battles-september-2026/
08/28/2026 — 00:00:01 PT
08/29/2026 — 00:00:01 PT
08/30/2026 — 00:00:01 PT
<Added> [San Francisco] 2026 Pokémon World Championships on 80/26/28000
Link: https://leekduck.com/events/pokemon-world-championships-2026-san-francisco/
<Added> Super Mega Raid Day on 90/26/19000
Link: https://leekduck.com/events/super-mega-raid-day-september-2026/
08/31/2026 — 00:00:01 PT
<Added> Armored Mewtwo in 5-star Raid Battles on 90/26/5000
Link: https://leekduck.com/events/armored-mewtwo-in-5-star-raid-battles-september-2026/
09/01/2026 — 00:00:01 PT
<Added> Mega Squads on 90/26/8000
Link: https://leekduck.com/events/mega-squads/
<Added> Dynamax Articuno, Zapdos, and Moltres during Max Monday on 90/26/21000
Link: https://leekduck.com/events/max-mondays-2026-09-21/
09/02/2026 — 00:00:02 PT
<Added> Staraptor Super Mega Raid Day on 90/26/19000
Link: https://leekduck.com/events/staraptor-super-mega-raid-day-2026/
09/03/2026 — 00:00:02 PT
<Added> Pokémon Horizons: The Series Celebration Event on 90/26/16000
Link: https://leekduck.com/events/pokemon-horizons-the-series-celebration-event-2026/
<Added> Xurkitree, Pheromosa, and Buzzwole Raid Hour on 90/26/24000
Link: https://leekduck.com/events/raidhour20260923/
<Added> Mega Malamar in Mega Raids on 90/26/23000
Link: https://leekduck.com/events/mega-malamar-in-mega-raids-september-2026/
<Added> Xurkitree, Pheromosa, and Buzzwole in 5-star Raid Battles on 90/26/23000
Link: https://leekduck.com/events/xurkitree-pheromosa-buzzwole-in-5-star-raid-battles-september-2026/
09/04/2026 — 00:00:01 PT
09/05/2026 — 00:00:02 PT
09/06/2026 — 00:00:02 PT
<Added> Phantump Catch Mastery on 90/26/26000
Link: https://leekduck.com/events/catch-mastery-phantump-2026/
09/07/2026 — 00:00:02 PT
09/08/2026 — 00:00:01 PT
<Added> Dynamax Sobble during Max Monday on 90/26/28000
Link: https://leekduck.com/events/max-mondays-2026-09-28/
09/09/2026 — 00:00:01 PT
<Added> Harvest Festival 2026: Applin Picking on 90/26/29000
Link: https://leekduck.com/events/harvest-festival-2026/
09/10/2026 — 00:00:02 PT
<Added> Xerneas Raid Hour on 100/26/1000
Link: https://leekduck.com/events/raidhour20260930/
<Added> Mega Victreebel in Mega Raids on 90/26/30000
Link: https://leekduck.com/events/mega-victreebel-in-mega-raids-september-2026/
<Added> Xerneas in 5-star Raid Battles on 90/26/30000
Link: https://leekduck.com/events/xerneas-in-5-star-raid-battles-september-2026/
09/11/2026 — 00:00:01 PT
<Added> Harvest Festival: Taken Over on 100/26/2000
Link: https://leekduck.com/events/harvest-festival-taken-over-2026/
09/12/2026 — 00:00:01 PT
<Added> Patterns of the Wild on 100/26/2000
Link: https://leekduck.com/events/patterns-of-the-wild-2026/
09/13/2026 — 00:00:01 PT
<Added> Gigantamax Cinderace Max Battle Day on 100/26/3000
Link: https://leekduck.com/events/gigantamax-cinderace-max-battle-day-2026/
09/14/2026 — 00:00:01 PT
09/15/2026 — 00:00:01 PT
09/16/2026 — 00:00:02 PT
09/17/2026 — 00:00:02 PT
